MCP2515.c:20:5:MCP2515_Initialize	16	static
MCP2515.c:38:5:MCP2515_SetConfigMode	16	static
MCP2515.c:57:5:MCP2515_SetNormalMode	16	static
MCP2515.c:76:5:MCP2515_SetSleepMode	16	static
MCP2515.c:95:6:MCP2515_Reset	8	static
MCP2515.c:105:9:MCP2515_ReadByte	24	static
MCP2515.c:121:6:MCP2515_ReadRxSequence	16	static
MCP2515.c:132:6:MCP2515_WriteByte	16	static
MCP2515.c:144:6:MCP2515_WriteByteSequence	16	static
MCP2515.c:156:6:MCP2515_LoadTxSequence	24	static
MCP2515.c:169:6:MCP2515_LoadTxBuffer	16	static
MCP2515.c:180:6:MCP2515_RequestToSend	16	static
MCP2515.c:190:9:MCP2515_ReadStatus	16	static
MCP2515.c:205:9:MCP2515_GetRxStatus	16	static
MCP2515.c:220:6:MCP2515_BitModify	16	static
MCP2515.c:233:13:SPI_Tx	16	static
MCP2515.c:239:13:SPI_TxBuffer	16	static
MCP2515.c:245:16:SPI_Rx	16	static
MCP2515.c:253:13:SPI_RxBuffer	16	static
